// Vitest Snapshot v1, https://vitest.dev/guide/snapshot.html

exports[`App Component > matches the snapshot 1`] = `
<DocumentFragment>
  <div
    class="flex justify-center items-center h-100"
  >
    Loading...
  </div>
</DocumentFragment>
`;
